Microchip MPLAB XC8 Compiler V2.05 ()

Linker command line:

-W-3 --edf=C:\Program Files (x86)\Microchip\xc8\v2.05\pic\dat\en_msgs.txt \
  -cs -h+dist/default/production\G_Sensor.X.production.sym \
  --cmf=dist/default/production\G_Sensor.X.production.cmf -z -Q18F14K22 \
  -oC:\Users\yukat\AppData\Local\Temp\s8ec.2 --defsym=__MPLAB_BUILD=1 \
  -Mdist/default/production/G_Sensor.X.production.map -E1 -ver=XC8 \
  --acfsm=1493 -ASTACK=0111h-01FFh -pstack=STACK -ACODE=00h-03FFFh \
  -ACONST=00h-03FFFh -ASMALLCONST=0200h-02FFhx62 -AMEDIUMCONST=0200h-03FFFh \
  -ACOMRAM=01h-05Fh -AABS1=00h-01FFh -ABIGRAM=01h-01FFh \
  -ARAM=060h-0FFh,0100h-01FFh -ABANK0=060h-0FFh -ABANK1=0100h-01FFh \
  -ASFR=0F60h-0FFFh -preset_vec=00h,intcode=08h,intcodelo,powerup,init \
  -pramtop=0200h -psmallconst=SMALLCONST -pmediumconst=MEDIUMCONST \
  -pconst=CONST -AFARRAM=00h-00h -ACONFIG=0300000h-030000Dh -pconfig=CONFIG \
  -AIDLOC=0200000h-0200007h -pidloc=IDLOC -AEEDATA=0F00000h-0F000FFh \
  -peeprom_data=EEDATA \
  -prdata=COMRAM,nvrram=COMRAM,nvbit=COMRAM,rbss=COMRAM,rbit=COMRAM \
  -pfarbss=FARRAM,fardata=FARRAM,nvFARRAM=FARRAM \
  -pintsave_regs=BIGRAM,bigbss=BIGRAM,bigdata=BIGRAM -pbss=RAM \
  -pidata=CODE,irdata=CODE,ibigdata=CODE,ifardata=CODE -prparam=COMRAM \
  C:\Users\yukat\AppData\Local\Temp\s8ec.o \
  dist/default/production\G_Sensor.X.production.o 

Object code version is 3.11

Machine type is 18F14K22

Call graph: (short form)




                Name                               Link     Load   Length Selector   Space Scale
C:\Users\yukat\AppData\Local\Temp\s8ec.o
                init                                 38       38        4        4       0
                reset_vec                             0        0        4        0       0
                idloc                            200000   200000        8   200000       0
                config                           300000   300000        E   300000       0
dist/default/production\G_Sensor.X.production.o
                intcode                               8        8       30        4       0
                temp                                 5B       5B        1        1       1
                smallconst                          200      200       3E      100       0
                text44                             1AB4     1AB4       2A      11F       0
                text43                             1B22     1B22       16      11F       0
                text42                             1786     1786       4E      11F       0
                text41                             141C     141C       72      11F       0
                text40                             1B38     1B38       12      11F       0
                text39                             1B86     1B86        A      DC3       0
                text38                             185C     185C       3C      11F       0
                text37                             193C     193C       34      11F       0
                text36                             1B04     1B04       1E      11F       0
                text35                             10B6     10B6       E6      11F       0
                text34                             162A     162A       60      11F       0
                text33                             1A32     1A32       2E      11F       0
                text32                             1B90     1B90        4      DC3       0
                text31                             1B6A     1B6A        E      DAE       0
                text30                             1A8A     1A8A       2A      11F       0
                text29                             1B5C     1B5C        E      DAE       0
                text28                             1398     1398       84      11F       0
                text27                             16E0     16E0       54      11F       0
                text26                             148E     148E       70      11F       0
                text25                             14FE     14FE       68      11F       0
                text24                             18D0     18D0       38      11F       0
                text23                             15C8     15C8       62      11F       0
                text22                             119C     119C       C6      11F       0
                text21                             1ADE     1ADE       26      11F       0
                text20                             1A02     1A02       30      11F       0
                text19                             181E     181E       3E      11F       0
                text18                              E52      E52      140      11F       0
                text17                              D0A      D0A      148      11F       0
                text16                              F92      F92      124      11F       0
                text15                             1970     1970       32      11F       0
                text14                             1B94     1B94        2      DC3       0
                text13                             1262     1262       A0      11F       0
                text12                             1898     1898       38      11F       0
                text11                             1A60     1A60       2A      11F       0
                text10                             1302     1302       96      11F       0
                text9                               89C      89C      242      11F       0
                text8                              1908     1908       34      11F       0
                text7                              19D2     19D2       30      11F       0
                text6                              19A2     19A2       30      11F       0
                text5                              17D4     17D4       4A      11F       0
                text4                               ADE      ADE      22C      11F       0
                text3                               23E      23E      3A6      11F       0
                text2                              168A     168A       56      11F       0
                text1                              1734     1734       52      11F       0
                text0                               5E4      5E4      2B8      11F       0
                cstackCOMRAM                          1        1       56        1       1
                cstackBANK0                          A4       A4       41       60       1
                dataBANK1                           100      100       11      100       1
                dataBANK0                            E5       E5        D       60       1
                bssBANK0                             60       60       44       60       1
                bssCOMRAM                            57       57        4        1       1
                cinit                              1566     1566       62      11F       0
                idataBANK1                         1B4A     1B4A       11      11F       0
                idataBANK0                         1B78     1B78        D      DAE       0

TOTAL           Name                               Link     Load   Length     Space
        CLASS   STACK          

        CLASS   CODE           
                intcode                               8        8       30         0
                init                                 38       38        4         0
                reset_vec                             0        0        4         0
                text44                             1AB4     1AB4       2A         0
                text43                             1B22     1B22       16         0
                text42                             1786     1786       4E         0
                text41                             141C     141C       72         0
                text40                             1B38     1B38       12         0
                text39                             1B86     1B86        A         0
                text38                             185C     185C       3C         0
                text37                             193C     193C       34         0
                text36                             1B04     1B04       1E         0
                text35                             10B6     10B6       E6         0
                text34                             162A     162A       60         0
                text33                             1A32     1A32       2E         0
                text32                             1B90     1B90        4         0
                text31                             1B6A     1B6A        E         0
                text30                             1A8A     1A8A       2A         0
                text29                             1B5C     1B5C        E         0
                text28                             1398     1398       84         0
                text27                             16E0     16E0       54         0
                text26                             148E     148E       70         0
                text25                             14FE     14FE       68         0
                text24                             18D0     18D0       38         0
                text23                             15C8     15C8       62         0
                text22                             119C     119C       C6         0
                text21                             1ADE     1ADE       26         0
                text20                             1A02     1A02       30         0
                text19                             181E     181E       3E         0
                text18                              E52      E52      140         0
                text17                              D0A      D0A      148         0
                text16                              F92      F92      124         0
                text15                             1970     1970       32         0
                text14                             1B94     1B94        2         0
                text13                             1262     1262       A0         0
                text12                             1898     1898       38         0
                text11                             1A60     1A60       2A         0
                text10                             1302     1302       96         0
                text9                               89C      89C      242         0
                text8                              1908     1908       34         0
                text7                              19D2     19D2       30         0
                text6                              19A2     19A2       30         0
                text5                              17D4     17D4       4A         0
                text4                               ADE      ADE      22C         0
                text3                               23E      23E      3A6         0
                text2                              168A     168A       56         0
                text1                              1734     1734       52         0
                text0                               5E4      5E4      2B8         0
                cinit                              1566     1566       62         0
                idataBANK1                         1B4A     1B4A       11         0
                idataBANK0                         1B78     1B78        D         0

        CLASS   CONST          

        CLASS   SMALLCONST     
                smallconst                          200      200       3E         0

        CLASS   MEDIUMCONST    

        CLASS   COMRAM         
                temp                                 5B       5B        1         1
                cstackCOMRAM                          1        1       56         1
                bssCOMRAM                            57       57        4         1

        CLASS   ABS1           

        CLASS   BIGRAM         

        CLASS   RAM            

        CLASS   BANK0          
                cstackBANK0                          A4       A4       41         1
                dataBANK0                            E5       E5        D         1
                bssBANK0                             60       60       44         1

        CLASS   BANK1          
                dataBANK1                           100      100       11         1

        CLASS   SFR            

        CLASS   FARRAM         

        CLASS   CONFIG         
                config                           300000   300000        E         0

        CLASS   IDLOC          
                idloc                            200000   200000        8         0

        CLASS   EEDATA         



SEGMENTS        Name                           Load    Length   Top    Selector   Space  Class

                reset_vec                      000000  000004  000004         0       0  CODE    
                cstackCOMRAM                   000001  00005B  00005C         1       1  COMRAM  
                intcode                        000008  000034  00003C         4       0  CODE    
                bssBANK0                       000060  000092  0000F2        60       1  BANK0   
                dataBANK1                      000100  000011  000111       100       1  BANK1   
                smallconst                     000200  00003E  00023E       100       0  SMALLCON
                text3                          00023E  00191D  001B5B       11F       0  CODE    
                text29                         001B5C  000029  001B85       DAE       0  CODE    
                text39                         001B86  000010  001B96       DC3       0  CODE    
                idloc                          200000  000008  200008    200000       0  IDLOC   
                config                         300000  00000E  30000E    300000       0  CONFIG  


UNUSED ADDRESS RANGES

        Name                Unused          Largest block    Delta
        BANK0            0000F2-0000FF                E
        BANK1            000111-0001FF               EF
        BIGRAM           00005C-00005F                4
                         0000F2-0000FF                E
                         000111-0001FF               EF
        CODE             000004-000007                4
                         00003C-0001FF              1C4
                         001B5B-001B5B                1
                         001B85-001B85                1
                         001B96-003FFF             246A
        COMRAM           00005C-00005F                4
        CONST            000004-000007                4
                         00003C-0001FF              1C4
                         001B5B-001B5B                1
                         001B85-001B85                1
                         001B96-003FFF             246A
        EEDATA           F00000-F000FF              100
        MEDIUMCONST      001B5B-001B5B                1
                         001B85-001B85                1
                         001B96-003FFF             246A
        RAM              0000F2-0000FF                E
                         000111-0001FF               EF
        SFR              000F60-000FFF               A0
        SMALLCONST       001B5B-001B5B                1
                         001B85-001B85                1
                         001B96-003FFF              100
        STACK            000111-0001FF               EF

                                  Symbol Table

?_I2C_Receive                        cstackCOMRAM 000003
?_I2C_Start                          cstackCOMRAM 000003
?_I2C_rStart                         cstackCOMRAM 000003
?___aodiv                            cstackCOMRAM 000001
?___aomod                            cstackCOMRAM 000001
?___awdiv                            cstackCOMRAM 000001
?___wmul                             cstackCOMRAM 000001
?_abs                                cstackCOMRAM 000013
?_atoi                               cstackCOMRAM 000008
?_dtoa                               cstackCOMRAM 00001C
?_isalpha                            cstackCOMRAM 000001
?_isdigit                            cstackCOMRAM 000001
?_islower                            cstackCOMRAM 000001
?_isspace                            cstackCOMRAM 000001
?_isupper                            cstackCOMRAM 000001
?_pad                                cstackCOMRAM 000011
?_register_read                      cstackCOMRAM 000008
?_sprintf                            cstackBANK0  0000B9
?_strlen                             cstackCOMRAM 000001
?_toupper                            cstackCOMRAM 000007
?_vfpfcnvrt                          cstackCOMRAM 000043
?_vfprintf                           cstackCOMRAM 00004D
?_xtoa                               cstackCOMRAM 00001C
I2C_IdleCheck@mask                   cstackCOMRAM 000002
I2C_Receive@ack                      cstackCOMRAM 000003
I2C_Receive@dt                       cstackCOMRAM 000005
I2C_Send@dt                          cstackCOMRAM 000004
I2C_Start@adrs                       cstackCOMRAM 000003
I2C_Start@rw                         cstackCOMRAM 000005
I2C_rStart@adrs                      cstackCOMRAM 000003
I2C_rStart@rw                        cstackCOMRAM 000005
InitI2C_Master@speed                 cstackCOMRAM 000001
LCD_Command@ans                      cstackCOMRAM 000008
LCD_Command@c                        cstackCOMRAM 00000A
LCD_Init_ST7032i@bon                 cstackCOMRAM 00000F
LCD_Init_ST7032i@colsu               cstackCOMRAM 000011
LCD_Init_ST7032i@contrast            cstackCOMRAM 00000D
LCD_Init_ST7032i@d                   cstackCOMRAM 000016
LCD_Init_ST7032i@icon                cstackCOMRAM 00000B
LCD_Puts@ans                         cstackCOMRAM 00000B
LCD_Puts@s                           cstackCOMRAM 000008
LCD_SetCursor@F2916                  dataBANK0    0000EE
LCD_SetCursor@col                    cstackCOMRAM 00000B
LCD_SetCursor@row                    cstackCOMRAM 00000D
LCD_SetCursor@row_offsets            cstackCOMRAM 00000F
Wait10ms@num                         cstackCOMRAM 000001
_ANSEL                               (abs)        000F7E
_ANSELH                              (abs)        000F7F
_AckCheck                            bssBANK0     00007E
_BCLIE                               (abs)        007D03
_BCLIF                               (abs)        007D0B
_CollisionCheck                      bssCOMRAM    000059
_ContSet_DT                          bssBANK0     000076
_FuncSet_DT                          bssBANK0     000078
_GIE                                 (abs)        007F97
_I2C_IdleCheck                       text43       001B22
_I2C_Receive                         text27       0016E0
_I2C_Send                            text42       001786
_I2C_Start                           text41       00141C
_I2C_Stop                            text40       001B38
_I2C_rStart                          text26       00148E
_INTCON2bits                         (abs)        000FF1
_INTCONbits                          (abs)        000FF2
_INTERRUPT_Initialize                text32       001B90
_INTERRUPT_InterruptManager          intcode      000008
_InitI2C_Master                      text44       001AB4
_LATA                                (abs)        000F89
_LATB                                (abs)        000F8A
_LATBbits                            (abs)        000F8A
_LATC                                (abs)        000F8B
_LCD_Clear                           text37       00193C
_LCD_ColumnSu                        bssBANK0     00007C
_LCD_Command                         text38       00185C
_LCD_Init_ST7032i                    text35       0010B6
_LCD_NowPage                         bssBANK0     00007A
_LCD_Puts                            text34       00162A
_LCD_SetCursor                       text33       001A32
_OSCCON                              (abs)        000FD3
_OSCCON2                             (abs)        000FD2
_OSCILLATOR_Initialize               text31       001B6A
_OSCTUNE                             (abs)        000F9B
_PEIE                                (abs)        007F96
_PIE1bits                            (abs)        000F9D
_PIN_MANAGER_Initialize              text30       001A8A
_PIR1bits                            (abs)        000F9E
_PIR2bits                            (abs)        000FA1
_RCONbits                            (abs)        000FD0
_SSPADD                              (abs)        000FC8
_SSPBUF                              (abs)        000FC9
_SSPCON1                             (abs)        000FC6
_SSPCON1bits                         (abs)        000FC6
_SSPCON2                             (abs)        000FC5
_SSPCON2bits                         (abs)        000FC5
_SSPIE                               (abs)        007CEB
_SSPIF                               (abs)        007CF3
_SSPMSK                              (abs)        000F6F
_SSPSTAT                             (abs)        000FC7
_SSPSTATbits                         (abs)        000FC7
_SYSTEM_Initialize                   text29       001B5C
_TRISA                               (abs)        000F92
_TRISB                               (abs)        000F93
_TRISC                               (abs)        000F94
_WPUA                                (abs)        000F77
_WPUB                                (abs)        000F78
_Wait10ms                            text36       001B04
_Wait27us                            text39       001B86
__CFG_BBSIZ$OFF                      (abs)        000000
__CFG_BOREN$SBORDIS                  (abs)        000000
__CFG_BORV$19                        (abs)        000000
__CFG_CP0$OFF                        (abs)        000000
__CFG_CP1$OFF                        (abs)        000000
__CFG_CPB$OFF                        (abs)        000000
__CFG_CPD$OFF                        (abs)        000000
__CFG_DEBUG$OFF                      (abs)        000000
__CFG_EBTR0$OFF                      (abs)        000000
__CFG_EBTR1$OFF                      (abs)        000000
__CFG_EBTRB$OFF                      (abs)        000000
__CFG_FCMEN$OFF                      (abs)        000000
__CFG_FOSC$IRC                       (abs)        000000
__CFG_HFOFST$ON                      (abs)        000000
__CFG_IESO$OFF                       (abs)        000000
__CFG_LVP$OFF                        (abs)        000000
__CFG_MCLRE$OFF                      (abs)        000000
__CFG_PCLKEN$ON                      (abs)        000000
__CFG_PLLEN$OFF                      (abs)        000000
__CFG_PWRTEN$ON                      (abs)        000000
__CFG_STVREN$ON                      (abs)        000000
__CFG_WDTEN$ON                       (abs)        000000
__CFG_WDTPS$32768                    (abs)        000000
__CFG_WRT0$OFF                       (abs)        000000
__CFG_WRT1$OFF                       (abs)        000000
__CFG_WRTB$OFF                       (abs)        000000
__CFG_WRTC$OFF                       (abs)        000000
__CFG_WRTD$OFF                       (abs)        000000
__CFG_XINST$OFF                      (abs)        000000
__HRAM                               (abs)        000000
__Habs1                              abs1         000000
__Hbank0                             bank0        000000
__Hbank1                             bank1        000000
__Hbigbss                            bigbss       000000
__Hbigdata                           bigdata      000000
__Hbigram                            bigram       000000
__Hbss                               bss          000000
__HbssBANK0                          bssBANK0     000000
__HbssCOMRAM                         bssCOMRAM    000000
__Hcinit                             cinit        000000
__Hclrtext                           clrtext      000000
__Hcomram                            comram       000000
__Hconfig                            config       30000E
__Hconst                             const        000000
__HcstackBANK0                       cstackBANK0  000000
__HcstackCOMRAM                      cstackCOMRAM 000000
__Hdata                              data         000000
__HdataBANK0                         dataBANK0    000000
__HdataBANK1                         dataBANK1    000000
__Heeprom_data                       eeprom_data  000000
__Hfarbss                            farbss       000000
__Hfardata                           fardata      000000
__Hibigdata                          ibigdata     000000
__Hidata                             idata        000000
__HidataBANK0                        idataBANK0   000000
__HidataBANK1                        idataBANK1   000000
__Hidloc                             idloc        200008
__Hifardata                          ifardata     000000
__Hinit                              init         00003C
__Hintcode                           intcode      000038
__Hintcode_body                      intcode_body 000000
__Hintcodelo                         intcodelo    000038
__Hintentry                          intentry     000000
__Hintret                            intret       000000
__Hintsave_regs                      intsave_regs 000000
__Hirdata                            irdata       000000
__Hmediumconst                       mediumconst  000000
__HnvFARRAM                          nvFARRAM     000000
__Hnvbit                             nvbit        000000
__Hnvrram                            nvrram       000000
__Hparam                             rparam       000000
__Hpowerup                           powerup      000038
__Hram                               ram          000000
__Hramtop                            ramtop       000200
__Hrbit                              rbit         000000
__Hrbss                              rbss         000000
__Hrdata                             rdata        000000
__Hreset_vec                         reset_vec    000004
__Hrparam                            rparam       000000
__Hsfr                               sfr          000000
__Hsmallconst                        smallconst   00023E
__Hspace_0                           (abs)        30000E
__Hspace_1                           (abs)        000111
__Hspace_2                           (abs)        000000
__Hstack                             stack        000000
__Hstruct                            struct       000000
__Htemp                              temp         00005C
__Htext                              text         000000
__Htext0                             text0        000000
__Htext1                             text1        000000
__Htext10                            text10       000000
__Htext11                            text11       000000
__Htext12                            text12       000000
__Htext13                            text13       000000
__Htext14                            text14       000000
__Htext15                            text15       000000
__Htext16                            text16       000000
__Htext17                            text17       000000
__Htext18                            text18       000000
__Htext19                            text19       000000
__Htext2                             text2        000000
__Htext20                            text20       000000
__Htext21                            text21       000000
__Htext22                            text22       000000
__Htext23                            text23       000000
__Htext24                            text24       000000
__Htext25                            text25       000000
__Htext26                            text26       000000
__Htext27                            text27       000000
__Htext28                            text28       000000
__Htext29                            text29       000000
__Htext3                             text3        000000
__Htext30                            text30       000000
__Htext31                            text31       000000
__Htext32                            text32       000000
__Htext33                            text33       000000
__Htext34                            text34       000000
__Htext35                            text35       000000
__Htext36                            text36       000000
__Htext37                            text37       000000
__Htext38                            text38       000000
__Htext39                            text39       000000
__Htext4                             text4        000000
__Htext40                            text40       000000
__Htext41                            text41       000000
__Htext42                            text42       000000
__Htext43                            text43       000000
__Htext44                            text44       000000
__Htext5                             text5        000000
__Htext6                             text6        000000
__Htext7                             text7        000000
__Htext8                             text8        000000
__Htext9                             text9        000000
__LRAM                               (abs)        000001
__Labs1                              abs1         000000
__Lbank0                             bank0        000000
__Lbank1                             bank1        000000
__Lbigbss                            bigbss       000000
__Lbigdata                           bigdata      000000
__Lbigram                            bigram       000000
__Lbss                               bss          000000
__LbssBANK0                          bssBANK0     000000
__LbssCOMRAM                         bssCOMRAM    000000
__Lcinit                             cinit        000000
__Lclrtext                           clrtext      000000
__Lcomram                            comram       000000
__Lconfig                            config       300000
__Lconst                             const        000000
__LcstackBANK0                       cstackBANK0  000000
__LcstackCOMRAM                      cstackCOMRAM 000000
__Ldata                              data         000000
__LdataBANK0                         dataBANK0    000000
__LdataBANK1                         dataBANK1    000000
__Leeprom_data                       eeprom_data  000000
__Lfarbss                            farbss       000000
__Lfardata                           fardata      000000
__Libigdata                          ibigdata     000000
__Lidata                             idata        000000
__LidataBANK0                        idataBANK0   000000
__LidataBANK1                        idataBANK1   000000
__Lidloc                             idloc        200000
__Lifardata                          ifardata     000000
__Linit                              init         000038
__Lintcode                           intcode      000008
__Lintcode_body                      intcode_body 000000
__Lintcodelo                         intcodelo    000038
__Lintentry                          intentry     000000
__Lintret                            intret       000000
__Lintsave_regs                      intsave_regs 000000
__Lirdata                            irdata       000000
__Lmediumconst                       mediumconst  000000
__LnvFARRAM                          nvFARRAM     000000
__Lnvbit                             nvbit        000000
__Lnvrram                            nvrram       000000
__Lparam                             rparam       000000
__Lpowerup                           powerup      000038
__Lram                               ram          000000
__Lramtop                            ramtop       000200
__Lrbit                              rbit         000000
__Lrbss                              rbss         000000
__Lrdata                             rdata        000000
__Lreset_vec                         reset_vec    000000
__Lrparam                            rparam       000000
__Lsfr                               sfr          000000
__Lsmallconst                        smallconst   000200
__Lspace_0                           (abs)        000000
__Lspace_1                           (abs)        000000
__Lspace_2                           (abs)        000000
__Lstack                             stack        000000
__Lstruct                            struct       000000
__Ltemp                              temp         00005B
__Ltext                              text         000000
__Ltext0                             text0        000000
__Ltext1                             text1        000000
__Ltext10                            text10       000000
__Ltext11                            text11       000000
__Ltext12                            text12       000000
__Ltext13                            text13       000000
__Ltext14                            text14       000000
__Ltext15                            text15       000000
__Ltext16                            text16       000000
__Ltext17                            text17       000000
__Ltext18                            text18       000000
__Ltext19                            text19       000000
__Ltext2                             text2        000000
__Ltext20                            text20       000000
__Ltext21                            text21       000000
__Ltext22                            text22       000000
__Ltext23                            text23       000000
__Ltext24                            text24       000000
__Ltext25                            text25       000000
__Ltext26                            text26       000000
__Ltext27                            text27       000000
__Ltext28                            text28       000000
__Ltext29                            text29       000000
__Ltext3                             text3        000000
__Ltext30                            text30       000000
__Ltext31                            text31       000000
__Ltext32                            text32       000000
__Ltext33                            text33       000000
__Ltext34                            text34       000000
__Ltext35                            text35       000000
__Ltext36                            text36       000000
__Ltext37                            text37       000000
__Ltext38                            text38       000000
__Ltext39                            text39       000000
__Ltext4                             text4        000000
__Ltext40                            text40       000000
__Ltext41                            text41       000000
__Ltext42                            text42       000000
__Ltext43                            text43       000000
__Ltext44                            text44       000000
__Ltext5                             text5        000000
__Ltext6                             text6        000000
__Ltext7                             text7        000000
__Ltext8                             text8        000000
__Ltext9                             text9        000000
__S0                                 (abs)        30000E
__S1                                 (abs)        000111
__S2                                 (abs)        000000
___aodiv                             text17       000D0A
___aodiv@counter                     cstackCOMRAM 000011
___aodiv@dividend                    cstackCOMRAM 000001
___aodiv@divisor                     cstackCOMRAM 000009
___aodiv@quotient                    cstackCOMRAM 000013
___aodiv@sign                        cstackCOMRAM 000012
___aomod                             text16       000F92
___aomod@counter                     cstackCOMRAM 000011
___aomod@dividend                    cstackCOMRAM 000001
___aomod@divisor                     cstackCOMRAM 000009
___aomod@sign                        cstackCOMRAM 000012
___awdiv                             text28       001398
___awdiv@counter                     cstackCOMRAM 000005
___awdiv@dividend                    cstackCOMRAM 000001
___awdiv@divisor                     cstackCOMRAM 000003
___awdiv@quotient                    cstackCOMRAM 000007
___awdiv@sign                        cstackCOMRAM 000006
___inthi_sp                          stack        000000
___intlo_sp                          stack        000000
___param_bank                        (abs)        000000
___rparam_used                       (abs)        000001
___sp                                stack        000000
___wmul                              text21       001ADE
___wmul@multiplicand                 cstackCOMRAM 000003
___wmul@multiplier                   cstackCOMRAM 000001
___wmul@product                      cstackCOMRAM 000005
__accesstop                          (abs)        000060
__activetblptr                       (abs)        000002
__end_of_I2C_IdleCheck               text43       001B38
__end_of_I2C_Receive                 text27       001734
__end_of_I2C_Send                    text42       0017D4
__end_of_I2C_Start                   text41       00148E
__end_of_I2C_Stop                    text40       001B4A
__end_of_I2C_rStart                  text26       0014FE
__end_of_INTERRUPT_Initialize        text32       001B94
__end_of_INTERRUPT_InterruptManager  intcode      000038
__end_of_InitI2C_Master              text44       001ADE
__end_of_LCD_Clear                   text37       001970
__end_of_LCD_Command                 text38       001898
__end_of_LCD_Init_ST7032i            text35       00119C
__end_of_LCD_Puts                    text34       00168A
__end_of_LCD_SetCursor               text33       001A60
__end_of_OSCILLATOR_Initialize       text31       001B78
__end_of_PIN_MANAGER_Initialize      text30       001AB4
__end_of_SYSTEM_Initialize           text29       001B6A
__end_of_Wait10ms                    text36       001B22
__end_of_Wait27us                    text39       001B90
__end_of___aodiv                     text17       000E52
__end_of___aomod                     text16       0010B6
__end_of___awdiv                     text28       00141C
__end_of___wmul                      text21       001B04
__end_of__initialization             cinit        0015BA
__end_of_abs                         text15       0019A2
__end_of_acceler_Init                text23       00162A
__end_of_acceler_Read                text22       001262
__end_of_atoi                        text18       000F92
__end_of_dtoa                        text9        000ADE
__end_of_fputc                       text13       001302
__end_of_fputs                       text12       0018D0
__end_of_isalpha                     text8        00193C
__end_of_isdigit                     text20       001A32
__end_of_islower                     text6        0019D2
__end_of_isspace                     text19       00185C
__end_of_isupper                     text7        001A02
__end_of_main                        text0        00089C
__end_of_pad                         text10       001398
__end_of_putch                       text14       001B96
__end_of_register_read               text25       001566
__end_of_register_write              text24       001908
__end_of_sprintf                     text1        001786
__end_of_strlen                      text11       001A8A
__end_of_toupper                     text5        00181E
__end_of_vfpfcnvrt                   text3        0005E4
__end_of_vfprintf                    text2        0016E0
__end_of_xtoa                        text4        000D0A
__initialization                     cinit        001566
__mediumconst                        mediumconst  000000
__pbssBANK0                          bssBANK0     000060
__pbssCOMRAM                         bssCOMRAM    000057
__pcinit                             cinit        001566
__pcstackBANK0                       cstackBANK0  0000A4
__pcstackCOMRAM                      cstackCOMRAM 000001
__pdataBANK0                         dataBANK0    0000E5
__pdataBANK1                         dataBANK1    000100
__pidataBANK0                        idataBANK0   001B78
__pidataBANK1                        idataBANK1   001B4A
__pintcode                           intcode      000008
__psmallconst                        smallconst   000200
__ptext0                             text0        0005E4
__ptext1                             text1        001734
__ptext10                            text10       001302
__ptext11                            text11       001A60
__ptext12                            text12       001898
__ptext13                            text13       001262
__ptext14                            text14       001B94
__ptext15                            text15       001970
__ptext16                            text16       000F92
__ptext17                            text17       000D0A
__ptext18                            text18       000E52
__ptext19                            text19       00181E
__ptext2                             text2        00168A
__ptext20                            text20       001A02
__ptext21                            text21       001ADE
__ptext22                            text22       00119C
__ptext23                            text23       0015C8
__ptext24                            text24       0018D0
__ptext25                            text25       0014FE
__ptext26                            text26       00148E
__ptext27                            text27       0016E0
__ptext28                            text28       001398
__ptext29                            text29       001B5C
__ptext3                             text3        00023E
__ptext30                            text30       001A8A
__ptext31                            text31       001B6A
__ptext32                            text32       001B90
__ptext33                            text33       001A32
__ptext34                            text34       00162A
__ptext35                            text35       0010B6
__ptext36                            text36       001B04
__ptext37                            text37       00193C
__ptext38                            text38       00185C
__ptext39                            text39       001B86
__ptext4                             text4        000ADE
__ptext40                            text40       001B38
__ptext41                            text41       00141C
__ptext42                            text42       001786
__ptext43                            text43       001B22
__ptext44                            text44       001AB4
__ptext5                             text5        0017D4
__ptext6                             text6        0019A2
__ptext7                             text7        0019D2
__ptext8                             text8        001908
__ptext9                             text9        00089C
__ramtop                             ramtop       000200
__size_of_I2C_IdleCheck              (abs)        000000
__size_of_I2C_Receive                (abs)        000000
__size_of_I2C_Send                   (abs)        000000
__size_of_I2C_Start                  (abs)        000000
__size_of_I2C_Stop                   (abs)        000000
__size_of_I2C_rStart                 (abs)        000000
__size_of_INTERRUPT_Initialize       (abs)        000000
__size_of_INTERRUPT_InterruptManager (abs)        000000
__size_of_InitI2C_Master             (abs)        000000
__size_of_LCD_Clear                  (abs)        000000
__size_of_LCD_Command                (abs)        000000
__size_of_LCD_Init_ST7032i           (abs)        000000
__size_of_LCD_Puts                   (abs)        000000
__size_of_LCD_SetCursor              (abs)        000000
__size_of_OSCILLATOR_Initialize      (abs)        000000
__size_of_PIN_MANAGER_Initialize     (abs)        000000
__size_of_SYSTEM_Initialize          (abs)        000000
__size_of_Wait10ms                   (abs)        000000
__size_of_Wait27us                   (abs)        000000
__size_of___aodiv                    (abs)        000000
__size_of___aomod                    (abs)        000000
__size_of___awdiv                    (abs)        000000
__size_of___wmul                     (abs)        000000
__size_of_abs                        (abs)        000000
__size_of_acceler_Init               (abs)        000000
__size_of_acceler_Read               (abs)        000000
__size_of_atoi                       (abs)        000000
__size_of_dtoa                       (abs)        000000
__size_of_fputc                      (abs)        000000
__size_of_fputs                      (abs)        000000
__size_of_isalpha                    (abs)        000000
__size_of_isdigit                    (abs)        000000
__size_of_islower                    (abs)        000000
__size_of_isspace                    (abs)        000000
__size_of_isupper                    (abs)        000000
__size_of_main                       (abs)        000000
__size_of_pad                        (abs)        000000
__size_of_putch                      (abs)        000000
__size_of_register_read              (abs)        000000
__size_of_register_write             (abs)        000000
__size_of_sprintf                    (abs)        000000
__size_of_strlen                     (abs)        000000
__size_of_toupper                    (abs)        000000
__size_of_vfpfcnvrt                  (abs)        000000
__size_of_vfprintf                   (abs)        000000
__size_of_xtoa                       (abs)        000000
__smallconst                         smallconst   000200
_a                                   bssBANK0     00006C
_abs                                 text15       001970
_acceler_Init                        text23       0015C8
_acceler_Read                        text22       00119C
_atoi                                text18       000E52
_atoi$1656                           cstackCOMRAM 000010
_atoi$1657                           cstackCOMRAM 000014
_atoi$1658                           cstackCOMRAM 000012
_b                                   bssBANK0     000068
_c                                   bssBANK0     000060
_dbuf                                bssBANK0     000084
_dtoa                                text9        00089C
_dtoa$1172                           cstackCOMRAM 00002E
_flags                               bssCOMRAM    000057
_fputc                               text13       001262
_fputs                               text12       001898
_i2c_driver_busCollisionISR          bssBANK0     000082
_i2c_driver_i2cISR                   bssBANK0     000080
_isalpha                             text8        001908
_isdigit                             text20       001A02
_islower                             text6        0019A2
_isspace                             text19       00181E
_isspace$1683                        cstackCOMRAM 000007
_isupper                             text7        0019D2
_main                                text0        0005E4
_moji                                dataBANK1    000100
_moji2                               dataBANK0    0000E5
_nout                                bssBANK0     000070
_pad                                 text10       001302
_prec                                bssBANK0     000074
_putch                               text14       001B94
_register_read                       text25       0014FE
_register_write                      text24       0018D0
_sprintf                             text1        001734
_strlen                              text11       001A60
_toupper                             text5        0017D4
_toupper$1759                        cstackCOMRAM 00000D
_vfpfcnvrt                           text3        00023E
_vfpfcnvrt$1198                      cstackBANK0  0000B6
_vfprintf                            text2        00168A
_width                               bssBANK0     000072
_xtoa                                text4        000ADE
_xtoa$1183                           cstackCOMRAM 00002F
_xtoa$1184                           cstackCOMRAM 000031
abs@a                                cstackCOMRAM 000013
acceler_Init@ans                     cstackCOMRAM 00000E
acceler_Read@X                       cstackCOMRAM 000008
acceler_Read@Y                       cstackCOMRAM 00000A
acceler_Read@Z                       cstackCOMRAM 00000C
acceler_Read@ack                     cstackCOMRAM 00000E
acceler_Read@ans                     cstackCOMRAM 000010
acceler_Read@data                    cstackCOMRAM 000014
acceler_Read@i                       cstackCOMRAM 000012
atoi@n                               cstackCOMRAM 000015
atoi@neg                             cstackCOMRAM 00000E
atoi@s                               cstackCOMRAM 000008
btemp                                temp         00005B
dtoa@d                               cstackCOMRAM 00001E
dtoa@fp                              cstackCOMRAM 00001C
dtoa@i                               cstackCOMRAM 00003E
dtoa@n                               cstackCOMRAM 000036
dtoa@p                               cstackCOMRAM 000030
dtoa@s                               cstackCOMRAM 000034
dtoa@w                               cstackCOMRAM 000032
end_of_initialization                cinit        0015BA
fputc@c                              cstackCOMRAM 000001
fputc@fp                             cstackCOMRAM 000003
fputs@c                              cstackCOMRAM 00000E
fputs@fp                             cstackCOMRAM 00000C
fputs@i                              cstackCOMRAM 00000F
fputs@s                              cstackCOMRAM 00000A
int$flags                            temp         00005B
intlevel0                            text         000000
intlevel1                            text         000000
intlevel2                            text         000000
intlevel3                            text         000000
isalpha@c                            cstackCOMRAM 000001
isdigit@c                            cstackCOMRAM 000001
islower@c                            cstackCOMRAM 000001
isspace@c                            cstackCOMRAM 000001
isupper@c                            cstackCOMRAM 000001
main@X                               cstackBANK0  0000E3
main@Y                               cstackBANK0  0000DF
main@Z                               cstackBANK0  0000E1
main@i                               cstackBANK0  0000D7
main@s                               cstackBANK0  0000C9
main@xcal                            cstackBANK0  0000D1
main@xl                              cstackBANK0  0000D9
main@ycal                            cstackBANK0  0000D3
main@yl                              cstackBANK0  0000DB
main@zcal                            cstackBANK0  0000D5
main@zl                              cstackBANK0  0000DD
pad@buf                              cstackCOMRAM 000013
pad@fp                               cstackCOMRAM 000011
pad@i                                cstackCOMRAM 000018
pad@p                                cstackCOMRAM 000015
pad@w                                cstackCOMRAM 00001A
register_read@address                cstackCOMRAM 00000A
register_read@ans                    cstackCOMRAM 00000B
register_write@address               cstackCOMRAM 000009
register_write@ans                   cstackCOMRAM 00000A
register_write@val                   cstackCOMRAM 000008
sprintf@ap                           cstackBANK0  0000C1
sprintf@f                            cstackBANK0  0000C3
sprintf@fmt                          cstackBANK0  0000BB
sprintf@s                            cstackBANK0  0000B9
stackhi                              (abs)        0001FF
stacklo                              (abs)        000111
start                                init         000038
start_initialization                 cinit        001566
strlen@a                             cstackCOMRAM 000003
strlen@s                             cstackCOMRAM 000001
toupper@c                            cstackCOMRAM 000007
ttemp5                               temp         00005C
ttemp6                               temp         00005F
ttemp7                               temp         000063
vfpfcnvrt@ap                         cstackCOMRAM 000047
vfpfcnvrt@c                          cstackBANK0  0000B8
vfpfcnvrt@done                       cstackBANK0  0000B4
vfpfcnvrt@fmt                        cstackCOMRAM 000045
vfpfcnvrt@fp                         cstackCOMRAM 000043
vfpfcnvrt@ll                         cstackBANK0  0000A4
vfpfcnvrt@llu                        cstackBANK0  0000AC
vfprintf@ap                          cstackCOMRAM 000051
vfprintf@cfmt                        cstackCOMRAM 000053
vfprintf@fmt                         cstackCOMRAM 00004F
vfprintf@fp                          cstackCOMRAM 00004D
wtemp8                               temp         00005C
xtoa@c                               cstackCOMRAM 000041
xtoa@d                               cstackCOMRAM 00001E
xtoa@fp                              cstackCOMRAM 00001C
xtoa@i                               cstackCOMRAM 00003F
xtoa@n                               cstackCOMRAM 000037
xtoa@p                               cstackCOMRAM 000033
xtoa@w                               cstackCOMRAM 000035
xtoa@x                               cstackCOMRAM 000026


FUNCTION INFORMATION:

 *************** function _main *****************
 Defined at:
		line 67 in file "main.c"
 Parameters:    Size  Location     Type
		None
 Auto vars:     Size  Location     Type
  buf            16    0        unsigned char [16]
  s               8   37[BANK0 ] unsigned char [8]
  X               2   63[BANK0 ] short 
  Z               2   61[BANK0 ] short 
  Y               2   59[BANK0 ] short 
  zl              2   57[BANK0 ] short 
  yl              2   55[BANK0 ] short 
  xl              2   53[BANK0 ] short 
  i               2   51[BANK0 ] short 
  zcal            2   49[BANK0 ] short 
  ycal            2   47[BANK0 ] short 
  xcal            2   45[BANK0 ] short 
 Return value:  Size  Location     Type
                  1    wreg      void 
 Registers used:
		wreg, fsr1l, fsr1h, fsr2l, fsr2h, status,2, status,0, tblptrl, tblptrh, tblptru, prodl, prodh, cstack
 Tracked objects:
		On entry : 
		On exit  : 
		Unchanged: 
 Data sizes:     COMRAM   BANK0   BANK1
      Params:         0       0       0
      Locals:         0      28       0
      Temps:          2       0       0
      Totals:         2      28       0
Total ram usage:       30 bytes
 Hardware stack levels required when called:    9
 This function calls:
		_InitI2C_Master
		_LCD_Clear
		_LCD_Init_ST7032i
		_LCD_Puts
		_LCD_SetCursor
		_SYSTEM_Initialize
		___awdiv
		_abs
		_acceler_Init
		_acceler_Read
		_sprintf
 This function is called by:
		Startup code after reset
 This function uses a non-reentrant model


 *************** function _sprintf *****************
 Defined at:
		line 9 in file "C:\Program Files (x86)\Microchip\xc8\v2.05\pic\sources\c99\common\nf_sprintf.c"
 Parameters:    Size  Location     Type
  s               2   21[BANK0 ] PTR unsigned char 
		 -> Color@buf(16), Color_Read@buf(16), main@s(8), 
  fmt             2   23[BANK0 ] PTR const unsigned char 
		 -> STR_11(9), STR_10(9), STR_9(9), STR_8(9), 
		 -> STR_7(9), STR_6(9), STR_5(9), STR_4(9), 
		 -> STR_3(8), STR_2(8), STR_1(8), 
 Auto vars:     Size  Location     Type
  f               6   31[BANK0 ] struct _IO_FILE
  ap              2   29[BANK0 ] PTR void [1]
		 -> ?_sprintf(2), 
  ret             2    0        int 
 Return value:  Size  Location     Type
                  2   21[BANK0 ] int 
 Registers used:
		wreg, fsr1l, fsr1h, fsr2l, fsr2h, status,2, status,0, tblptrl, tblptrh, tblptru, prodl, prodh, cstack
 Tracked objects:
		On entry : 
		On exit  : 
		Unchanged: 
 Data sizes:     COMRAM   BANK0   BANK1
      Params:         0       6       0
      Locals:         0      10       0
      Temps:          0       0       0
      Totals:         0      16       0
Total ram usage:       16 bytes
 Hardware stack levels used:    1
 Hardware stack levels required when called:    8
 This function calls:
		_vfprintf
 This function is called by:
		_main
		_Color_Read
		_Color
 This function uses a non-reentrant model


 *************** function _vfprintf *****************
 Defined at:
		line 1368 in file "C:\Program Files (x86)\Microchip\xc8\v2.05\pic\sources\c99\common\doprnt.c"
 Parameters:    Size  Location     Type
  fp              2   76[COMRAM] PTR struct _IO_FILE
		 -> sprintf@f(6), 
  fmt             2   78[COMRAM] PTR const unsigned char 
		 -> STR_11(9), STR_10(9), STR_9(9), STR_8(9), 
		 -> STR_7(9), STR_6(9), STR_5(9), STR_4(9), 
		 -> STR_3(8), STR_2(8), STR_1(8), 
  ap              2   80[COMRAM] PTR PTR void 
		 -> sprintf@ap(2), 
 Auto vars:     Size  Location     Type
  cfmt            2   82[COMRAM] PTR unsigned char 
		 -> STR_11(9), STR_10(9), STR_9(9), STR_8(9), 
		 -> STR_7(9), STR_6(9), STR_5(9), STR_4(9), 
		 -> STR_3(8), STR_2(8), STR_1(8), 
 Return value:  Size  Location     Type
                  2   76[COMRAM] int 
 Registers used:
		wreg, fsr1l, fsr1h, fsr2l, fsr2h, status,2, status,0, tblptrl, tblptrh, tblptru, prodl, prodh, cstack
 Tracked objects:
		On entry : 
		On exit  : 
		Unchanged: 
 Data sizes:     COMRAM   BANK0   BANK1
      Params:         6       0       0
      Locals:         2       0       0
      Temps:          0       0       0
      Totals:         8       0       0
Total ram usage:        8 bytes
 Hardware stack levels used:    1
 Hardware stack levels required when called:    7
 This function calls:
		_vfpfcnvrt
 This function is called by:
		_sprintf
 This function uses a non-reentrant model


 *************** function _vfpfcnvrt *****************
 Defined at:
		line 670 in file "C:\Program Files (x86)\Microchip\xc8\v2.05\pic\sources\c99\common\doprnt.c"
 Parameters:    Size  Location     Type
  fp              2   66[COMRAM] PTR struct _IO_FILE
		 -> sprintf@f(6), 
  fmt             2   68[COMRAM] PTR PTR unsigned char 
		 -> vfprintf@cfmt(2), 
  ap              2   70[COMRAM] PTR PTR void 
		 -> sprintf@ap(2), 
 Auto vars:     Size  Location     Type
  llu             8    8[BANK0 ] unsigned long long 
  ll              8    0[BANK0 ] long long 
  f               4    0        long long 
  vp              3    0        PTR void 
  ct              3    0        unsigned char [3]
  cp              3    0        PTR unsigned char 
  done            2   16[BANK0 ] int 
  i               2    0        int 
  c               1   20[BANK0 ] unsigned char 
 Return value:  Size  Location     Type
                  2   66[COMRAM] int 
 Registers used:
		wreg, fsr1l, fsr1h, fsr2l, fsr2h, status,2, status,0, tblptrl, tblptrh, tblptru, prodl, prodh, cstack
 Tracked objects:
		On entry : 
		On exit  : 
		Unchanged: 
 Data sizes:     COMRAM   BANK0   BANK1
      Params:         6       0       0
      Locals:         0      21       0
      Temps:          4       0       0
      Totals:        10      21       0
Total ram usage:       31 bytes
 Hardware stack levels used:    1
 Hardware stack levels required when called:    6
 This function calls:
		_atoi
		_dtoa
		_fputc
		_isdigit
		_xtoa
 This function is called by:
		_vfprintf
 This function uses a non-reentrant model


 *************** function _xtoa *****************
 Defined at:
		line 623 in file "C:\Program Files (x86)\Microchip\xc8\v2.05\pic\sources\c99\common\doprnt.c"
 Parameters:    Size  Location     Type
  fp              2   27[COMRAM] PTR struct _IO_FILE
		 -> sprintf@f(6), 
  d               8   29[COMRAM] unsigned long long 
  x               1   37[COMRAM] unsigned char 
 Auto vars:     Size  Location     Type
  n               8   54[COMRAM] unsigned long long 
  c               2   64[COMRAM] int 
  i               2   62[COMRAM] int 
  w               2   52[COMRAM] int 
  p               2   50[COMRAM] int 
 Return value:  Size  Location     Type
                  2   27[COMRAM] int 
 Registers used:
		wreg, fsr1l, fsr1h, fsr2l, fsr2h, status,2, status,0, cstack
 Tracked objects:
		On entry : 
		On exit  : 
		Unchanged: 
 Data sizes:     COMRAM   BANK0   BANK1
      Params:        11       0       0
      Locals:        20       0       0
      Temps:          8       0       0
      Totals:        39       0       0
Total ram usage:       39 bytes
 Hardware stack levels used:    1
 Hardware stack levels required when called:    5
 This function calls:
		_isalpha
		_isupper
		_pad
		_toupper
 This function is called by:
		_vfpfcnvrt
 This function uses a non-reentrant model


 *************** function _toupper *****************
 Defined at:
		line 4 in file "C:\Program Files (x86)\Microchip\xc8\v2.05\pic\sources\c99\common\toupper.c"
 Parameters:    Size  Location     Type
  c               2    6[COMRAM] int 
 Auto vars:     Size  Location     Type
		None
 Return value:  Size  Location     Type
                  2    6[COMRAM] int 
 Registers used:
		wreg, status,2, status,0
 Tracked objects:
		On entry : 
		On exit  : 
		Unchanged: 
 Data sizes:     COMRAM   BANK0   BANK1
      Params:         2       0       0
      Locals:         2       0       0
      Temps:          4       0       0
      Totals:         8       0       0
Total ram usage:        8 bytes
 Hardware stack levels used:    1
 Hardware stack levels required when called:    2
 This function calls:
		_islower
 This function is called by:
		_xtoa
 This function uses a non-reentrant model


 *************** function _islower *****************
 Defined at:
		line 5 in file "C:\Program Files (x86)\Microchip\xc8\v2.05\pic\sources\c99\common\islower.c"
 Parameters:    Size  Location     Type
  c               2    0[COMRAM] int 
 Auto vars:     Size  Location     Type
		None
 Return value:  Size  Location     Type
                  2    0[COMRAM] int 
 Registers used:
		wreg, status,2, status,0
 Tracked objects:
		On entry : 
		On exit  : 
		Unchanged: 
 Data sizes:     COMRAM   BANK0   BANK1
      Params:         2       0       0
      Locals:         0       0       0
      Temps:          4       0       0
      Totals:         6       0       0
Total ram usage:        6 bytes
 Hardware stack levels used:    1
 Hardware stack levels required when called:    1
 This function calls:
		Nothing
 This function is called by:
		_toupper
 This function uses a non-reentrant model


 *************** function _isupper *****************
 Defined at:
		line 5 in file "C:\Program Files (x86)\Microchip\xc8\v2.05\pic\sources\c99\common\isupper.c"
 Parameters:    Size  Location     Type
  c               2    0[COMRAM] int 
 Auto vars:     Size  Location     Type
		None
 Return value:  Size  Location     Type
                  2    0[COMRAM] int 
 Registers used:
		wreg, status,2, status,0
 Tracked objects:
		On entry : 
		On exit  : 
		Unchanged: 
 Data sizes:     COMRAM   BANK0   BANK1
      Params:         2       0       0
      Locals:         0       0       0
      Temps:          4       0       0
      Totals:         6       0       0
Total ram usage:        6 bytes
 Hardware stack levels used:    1
 Hardware stack levels required when called:    1
 This function calls:
		Nothing
 This function is called by:
		_xtoa
 This function uses a non-reentrant model


 *************** function _isalpha *****************
 Defined at:
		line 5 in file "C:\Program Files (x86)\Microchip\xc8\v2.05\pic\sources\c99\common\isalpha.c"
 Parameters:    Size  Location     Type
  c               2    0[COMRAM] int 
 Auto vars:     Size  Location     Type
		None
 Return value:  Size  Location     Type
                  2    0[COMRAM] int 
 Registers used:
		wreg, status,2, status,0
 Tracked objects:
		On entry : 
		On exit  : 
		Unchanged: 
 Data sizes:     COMRAM   BANK0   BANK1
      Params:         2       0       0
      Locals:         0       0       0
      Temps:          4       0       0
      Totals:         6       0       0
Total ram usage:        6 bytes
 Hardware stack levels used:    1
 Hardware stack levels required when called:    1
 This function calls:
		Nothing
 This function is called by:
		_xtoa
 This function uses a non-reentrant model


 *************** function _dtoa *****************
 Defined at:
		line 274 in file "C:\Program Files (x86)\Microchip\xc8\v2.05\pic\sources\c99\common\doprnt.c"
 Parameters:    Size  Location     Type
  fp              2   27[COMRAM] PTR struct _IO_FILE
		 -> sprintf@f(6), 
  d               8   29[COMRAM] long long 
 Auto vars:     Size  Location     Type
  n               8   53[COMRAM] long long 
  i               2   61[COMRAM] int 
  s               2   51[COMRAM] int 
  w               2   49[COMRAM] int 
  p               2   47[COMRAM] int 
 Return value:  Size  Location     Type
                  2   27[COMRAM] int 
 Registers used:
		wreg, fsr1l, fsr1h, fsr2l, fsr2h, status,2, status,0, cstack
 Tracked objects:
		On entry : 
		On exit  : 
		Unchanged: 
 Data sizes:     COMRAM   BANK0   BANK1
      Params:        10       0       0
      Locals:        18       0       0
      Temps:          8       0       0
      Totals:        36       0       0
Total ram usage:       36 bytes
 Hardware stack levels used:    1
 Hardware stack levels required when called:    5
 This function calls:
		___aodiv
		___aomod
		_abs
		_pad
 This function is called by:
		_vfpfcnvrt
 This function uses a non-reentrant model


 *************** function _pad *****************
 Defined at:
		line 72 in file "C:\Program Files (x86)\Microchip\xc8\v2.05\pic\sources\c99\common\doprnt.c"
 Parameters:    Size  Location     Type
  fp              2   16[COMRAM] PTR struct _IO_FILE
		 -> sprintf@f(6), 
  buf             2   18[COMRAM] PTR unsigned char 
		 -> dbuf(32), 
  p               2   20[COMRAM] int 
 Auto vars:     Size  Location     Type
  w               2   25[COMRAM] int 
  i               2   23[COMRAM] int 
 Return value:  Size  Location     Type
                  2   16[COMRAM] int 
 Registers used:
		wreg, fsr1l, fsr1h, fsr2l, fsr2h, status,2, status,0, cstack
 Tracked objects:
		On entry : 
		On exit  : 
		Unchanged: 
 Data sizes:     COMRAM   BANK0   BANK1
      Params:         6       0       0
      Locals:         4       0       0
      Temps:          1       0       0
      Totals:        11       0       0
Total ram usage:       11 bytes
 Hardware stack levels used:    1
 Hardware stack levels required when called:    4
 This function calls:
		_fputc
		_fputs
		_strlen
 This function is called by:
		_dtoa
		_xtoa
 This function uses a non-reentrant model


 *************** function _strlen *****************
 Defined at:
		line 12 in file "C:\Program Files (x86)\Microchip\xc8\v2.05\pic\sources\c99\common\strlen.c"
 Parameters:    Size  Location     Type
  s               2    0[COMRAM] PTR const unsigned char 
		 -> dbuf(32), 
 Auto vars:     Size  Location     Type
  a               2    2[COMRAM] PTR const unsigned char 
		 -> dbuf(32), 
 Return value:  Size  Location     Type
                  2    0[COMRAM] unsigned int 
 Registers used:
		wreg, fsr2l, fsr2h, status,2, status,0
 Tracked objects:
		On entry : 
		On exit  : 
		Unchanged: 
 Data sizes:     COMRAM   BANK0   BANK1
      Params:         2       0       0
      Locals:         2       0       0
      Temps:          0       0       0
      Totals:         4       0       0
Total ram usage:        4 bytes
 Hardware stack levels used:    1
 Hardware stack levels required when called:    1
 This function calls:
		Nothing
 This function is called by:
		_pad
 This function uses a non-reentrant model


 *************** function _fputs *****************
 Defined at:
		line 8 in file "C:\Program Files (x86)\Microchip\xc8\v2.05\pic\sources\c99\common\nf_fputs.c"
 Parameters:    Size  Location     Type
  s               2    9[COMRAM] PTR const unsigned char 
		 -> dbuf(32), 
  fp              2   11[COMRAM] PTR struct _IO_FILE
		 -> sprintf@f(6), 
 Auto vars:     Size  Location     Type
  i               2   14[COMRAM] int 
  c               1   13[COMRAM] unsigned char 
 Return value:  Size  Location     Type
                  2    9[COMRAM] int 
 Registers used:
		wreg, fsr1l, fsr1h, fsr2l, fsr2h, status,2, status,0, cstack
 Tracked objects:
		On entry : 
		On exit  : 
		Unchanged: 
 Data sizes:     COMRAM   BANK0   BANK1
      Params:         4       0       0
      Locals:         3       0       0
      Temps:          0       0       0
      Totals:         7       0       0
Total ram usage:        7 bytes
 Hardware stack levels used:    1
 Hardware stack levels required when called:    3
 This function calls:
		_fputc
 This function is called by:
		_pad
 This function uses a non-reentrant model


 *************** function _fputc *****************
 Defined at:
		line 8 in file "C:\Program Files (x86)\Microchip\xc8\v2.05\pic\sources\c99\common\nf_fputc.c"
 Parameters:    Size  Location     Type
  c               2    0[COMRAM] int 
  fp              2    2[COMRAM] PTR struct _IO_FILE
		 -> sprintf@f(6), 
 Auto vars:     Size  Location     Type
		None
 Return value:  Size  Location     Type
                  2    0[COMRAM] int 
 Registers used:
		wreg, fsr1l, fsr1h, fsr2l, fsr2h, status,2, status,0, cstack
 Tracked objects:
		On entry : 
		On exit  : 
		Unchanged: 
 Data sizes:     COMRAM   BANK0   BANK1
      Params:         4       0       0
      Locals:         0       0       0
      Temps:          5       0       0
      Totals:         9       0       0
Total ram usage:        9 bytes
 Hardware stack levels used:    1
 Hardware stack levels required when called:    2
 This function calls:
		_putch
 This function is called by:
		_pad
		_vfpfcnvrt
		_fputs
 This function uses a non-reentrant model


 *************** function _putch *****************
 Defined at:
		line 7 in file "C:\Program Files (x86)\Microchip\xc8\v2.05\pic\sources\c99\common\putch.c"
 Parameters:    Size  Location     Type
  c               1    wreg     unsigned char 
 Auto vars:     Size  Location     Type
  c               1    0[COMRAM] unsigned char 
 Return value:  Size  Location     Type
                  1    wreg      void 
 Registers used:
		wreg
 Tracked objects:
		On entry : 
		On exit  : 
		Unchanged: 
 Data sizes:     COMRAM   BANK0   BANK1
      Params:         0       0       0
      Locals:         0       0       0
      Temps:          0       0       0
      Totals:         0       0       0
Total ram usage:        0 bytes
 Hardware stack levels used:    1
 Hardware stack levels required when called:    1
 This function calls:
		Nothing
 This function is called by:
		_fputc
 This function uses a non-reentrant model


 *************** function _abs *****************
 Defined at:
		line 1 in file "C:\Program Files (x86)\Microchip\xc8\v2.05\pic\sources\c99\common\abs.c"
 Parameters:    Size  Location     Type
  a               2   18[COMRAM] int 
 Auto vars:     Size  Location     Type
		None
 Return value:  Size  Location     Type
                  2   18[COMRAM] int 
 Registers used:
		wreg, status,2, status,0
 Tracked objects:
		On entry : 
		On exit  : 
		Unchanged: 
 Data sizes:     COMRAM   BANK0   BANK1
      Params:         2       0       0
      Locals:         0       0       0
      Temps:          2       0       0
      Totals:         4       0       0
Total ram usage:        4 bytes
 Hardware stack levels used:    1
 Hardware stack levels required when called:    1
 This function calls:
		Nothing
 This function is called by:
		_main
		_dtoa
 This function uses a non-reentrant model


 *************** function ___aomod *****************
 Defined at:
		line 9 in file "C:\Program Files (x86)\Microchip\xc8\v2.05\pic\sources\c99\common\aomod.c"
 Parameters:    Size  Location     Type
  dividend        8    0[COMRAM] long long 
  divisor         8    8[COMRAM] long long 
 Auto vars:     Size  Location     Type
  sign            1   17[COMRAM] unsigned char 
  counter         1   16[COMRAM] unsigned char 
 Return value:  Size  Location     Type
                  8    0[COMRAM] long long 
 Registers used:
		wreg, status,2, status,0
 Tracked objects:
		On entry : 
		On exit  : 
		Unchanged: 
 Data sizes:     COMRAM   BANK0   BANK1
      Params:        16       0       0
      Locals:         2       0       0
      Temps:          0       0       0
      Totals:        18       0       0
Total ram usage:       18 bytes
 Hardware stack levels used:    1
 Hardware stack levels required when called:    1
 This function calls:
		Nothing
 This function is called by:
		_dtoa
 This function uses a non-reentrant model


 *************** function ___aodiv *****************
 Defined at:
		line 9 in file "C:\Program Files (x86)\Microchip\xc8\v2.05\pic\sources\c99\common\aodiv.c"
 Parameters:    Size  Location     Type
  dividend        8    0[COMRAM] long long 
  divisor         8    8[COMRAM] long long 
 Auto vars:     Size  Location     Type
  quotient        8   18[COMRAM] long long 
  sign            1   17[COMRAM] unsigned char 
  counter         1   16[COMRAM] unsigned char 
 Return value:  Size  Location     Type
                  8    0[COMRAM] long long 
 Registers used:
		wreg, fsr2l, fsr2h, status,2, status,0
 Tracked objects:
		On entry : 
		On exit  : 
		Unchanged: 
 Data sizes:     COMRAM   BANK0   BANK1
      Params:        16       0       0
      Locals:        10       0       0
      Temps:          0       0       0
      Totals:        26       0       0
Total ram usage:       26 bytes
 Hardware stack levels used:    1
 Hardware stack levels required when called:    1
 This function calls:
		Nothing
 This function is called by:
		_dtoa
 This function uses a non-reentrant model


 *************** function _atoi *****************
 Defined at:
		line 4 in file "C:\Program Files (x86)\Microchip\xc8\v2.05\pic\sources\c99\common\atoi.c"
 Parameters:    Size  Location     Type
  s               2    7[COMRAM] PTR const unsigned char 
		 -> STR_11(9), STR_10(9), STR_9(9), STR_8(9), 
		 -> STR_7(9), STR_6(9), STR_5(9), STR_4(9), 
		 -> STR_3(8), STR_2(8), STR_1(8), 
 Auto vars:     Size  Location     Type
  n               2   20[COMRAM] int 
  neg             2   13[COMRAM] int 
 Return value:  Size  Location     Type
                  2    7[COMRAM] int 
 Registers used:
		wreg, status,2, status,0, tblptrl, tblptrh, tblptru, prodl, prodh, cstack
 Tracked objects:
		On entry : 
		On exit  : 
		Unchanged: 
 Data sizes:     COMRAM   BANK0   BANK1
      Params:         2       0       0
      Locals:         9       0       0
      Temps:          4       0       0
      Totals:        15       0       0
Total ram usage:       15 bytes
 Hardware stack levels used:    1
 Hardware stack levels required when called:    2
 This function calls:
		___wmul
		_isdigit
		_isspace
 This function is called by:
		_vfpfcnvrt
 This function uses a non-reentrant model


 *************** function _isspace *****************
 Defined at:
		line 5 in file "C:\Program Files (x86)\Microchip\xc8\v2.05\pic\sources\c99\common\isspace.c"
 Parameters:    Size  Location     Type
  c               2    0[COMRAM] int 
 Auto vars:     Size  Location     Type
		None
 Return value:  Size  Location     Type
                  2    0[COMRAM] int 
 Registers used:
		wreg, status,2, status,0
 Tracked objects:
		On entry : 
		On exit  : 
		Unchanged: 
 Data sizes:     COMRAM   BANK0   BANK1
      Params:         2       0       0
      Locals:         1       0       0
      Temps:          4       0       0
      Totals:         7       0       0
Total ram usage:        7 bytes
 Hardware stack levels used:    1
 Hardware stack levels required when called:    1
 This function calls:
		Nothing
 This function is called by:
		_atoi
 This function uses a non-reentrant model


 *************** function _isdigit *****************
 Defined at:
		line 5 in file "C:\Program Files (x86)\Microchip\xc8\v2.05\pic\sources\c99\common\isdigit.c"
 Parameters:    Size  Location     Type
  c               2    0[COMRAM] int 
 Auto vars:     Size  Location     Type
		None
 Return value:  Size  Location     Type
                  2    0[COMRAM] int 
 Registers used:
		wreg, status,2, status,0
 Tracked objects:
		On entry : 
		On exit  : 
		Unchanged: 
 Data sizes:     COMRAM   BANK0   BANK1
      Params:         2       0       0
      Locals:         0       0       0
      Temps:          4       0       0
      Totals:         6       0       0
Total ram usage:        6 bytes
 Hardware stack levels used:    1
 Hardware stack levels required when called:    1
 This function calls:
		Nothing
 This function is called by:
		_vfpfcnvrt
		_atoi
 This function uses a non-reentrant model


 *************** function ___wmul *****************
 Defined at:
		line 15 in file "C:\Program Files (x86)\Microchip\xc8\v2.05\pic\sources\c99\common\Umul16.c"
 Parameters:    Size  Location     Type
  multiplier      2    0[COMRAM] unsigned int 
  multiplicand    2    2[COMRAM] unsigned int 
 Auto vars:     Size  Location     Type
  product         2    4[COMRAM] unsigned int 
 Return value:  Size  Location     Type
                  2    0[COMRAM] unsigned int 
 Registers used:
		wreg, status,2, status,0, prodl, prodh
 Tracked objects:
		On entry : 
		On exit  : 
		Unchanged: 
 Data sizes:     COMRAM   BANK0   BANK1
      Params:         4       0       0
      Locals:         2       0       0
      Temps:          0       0       0
      Totals:         6       0       0
Total ram usage:        6 bytes
 Hardware stack levels used:    1
 Hardware stack levels required when called:    1
 This function calls:
		Nothing
 This function is called by:
		_atoi
		_LCD_PageSet
		_LCD_PageClear
		_LCD_PageSetCursor
 This function uses a non-reentrant model


 *************** function _acceler_Read *****************
 Defined at:
		line 86 in file "skADXL345I2C.c"
 Parameters:    Size  Location     Type
  X               2    7[COMRAM] PTR int 
		 -> main@X(2), 
  Y               2    9[COMRAM] PTR int 
		 -> main@Y(2), 
[...]
		Nothing
 This function is called by:
		_SYSTEM_Initialize
 This function uses a non-reentrant model


 *************** function _INTERRUPT_Initialize *****************
 Defined at:
		line 55 in file "mcc_generated_files/interrupt_manager.c"
 Parameters:    Size  Location     Type
		None
 Auto vars:     Size  Location     Type
		None
 Return value:  Size  Location     Type
                  1    wreg      void 
 Registers used:
		None
 Tracked objects:
		On entry : 
		On exit  : 
		Unchanged: 
 Data sizes:     COMRAM   BANK0   BANK1
      Params:         0       0       0
      Locals:         0       0       0
      Temps:          0       0       0
      Totals:         0       0       0
Total ram usage:        0 bytes
 Hardware stack levels used:    1
 Hardware stack levels required when called:    1
 This function calls:
		Nothing
 This function is called by:
		_SYSTEM_Initialize
 This function uses a non-reentrant model


 *************** function _LCD_SetCursor *****************
 Defined at:
		line 96 in file "skI2CLCDlib.c"
 Parameters:    Size  Location     Type
  col             2   10[COMRAM] int 
  row             2   12[COMRAM] int 
 Auto vars:     Size  Location     Type
  row_offsets     4   14[COMRAM] int [2]
 Return value:  Size  Location     Type
                  1    wreg      void 
 Registers used:
		wreg, fsr2l, fsr2h, status,2, status,0, prodl, prodh, cstack
 Tracked objects:
		On entry : 
		On exit  : 
		Unchanged: 
 Data sizes:     COMRAM   BANK0   BANK1
      Params:         4       0       0
      Locals:         4       0       0
      Temps:          0       0       0
      Totals:         8       0       0
Total ram usage:        8 bytes
 Hardware stack levels used:    1
 Hardware stack levels required when called:    4
 This function calls:
		_LCD_Command
 This function is called by:
		_main
		_LCD_PageClear
		_LCD_PageSetCursor
		_Color_Read
		_Color
 This function uses a non-reentrant model


 *************** function _LCD_Puts *****************
 Defined at:
		line 128 in file "skI2CLCDlib.c"
 Parameters:    Size  Location     Type
  s               2    7[COMRAM] PTR const unsigned char 
		 -> Color@buf(16), Color_Read@buf(16), main@s(8), moji(17), 
 Auto vars:     Size  Location     Type
  ans             2   10[COMRAM] int 
 Return value:  Size  Location     Type
                  1    wreg      void 
 Registers used:
		wreg, fsr2l, fsr2h, status,2, status,0, prodl, prodh, cstack
 Tracked objects:
		On entry : 
		On exit  : 
		Unchanged: 
 Data sizes:     COMRAM   BANK0   BANK1
      Params:         2       0       0
      Locals:         2       0       0
      Temps:          1       0       0
      Totals:         5       0       0
Total ram usage:        5 bytes
 Hardware stack levels used:    1
 Hardware stack levels required when called:    3
 This function calls:
		_I2C_Send
		_I2C_Start
		_I2C_Stop
 This function is called by:
		_main
		_Color_Read
		_Color
 This function uses a non-reentrant model


 *************** function _LCD_Init_ST7032i *****************
 Defined at:
		line 329 in file "skI2CLCDlib.c"
 Parameters:    Size  Location     Type
  icon            2   10[COMRAM] int 
  contrast        2   12[COMRAM] int 
  bon             2   14[COMRAM] int 
  colsu           2   16[COMRAM] int 
 Auto vars:     Size  Location     Type
  d               2   21[COMRAM] unsigned int 
 Return value:  Size  Location     Type
                  1    wreg      void 
 Registers used:
		wreg, status,2, status,0, prodl, prodh, cstack
 Tracked objects:
		On entry : 
		On exit  : 
		Unchanged: 
 Data sizes:     COMRAM   BANK0   BANK1
      Params:         8       0       0
      Locals:         2       0       0
      Temps:          3       0       0
      Totals:        13       0       0
Total ram usage:       13 bytes
 Hardware stack levels used:    1
 Hardware stack levels required when called:    4
 This function calls:
		_LCD_Command
		_Wait10ms
 This function is called by:
		_main
 This function uses a non-reentrant model


 *************** function _Wait10ms *****************
 Defined at:
		line 48 in file "skI2CLCDlib.c"
 Parameters:    Size  Location     Type
  num             2    0[COMRAM] unsigned int 
 Auto vars:     Size  Location     Type
		None
 Return value:  Size  Location     Type
                  1    wreg      void 
 Registers used:
		wreg, status,2, status,0
 Tracked objects:
		On entry : 
		On exit  : 
		Unchanged: 
 Data sizes:     COMRAM   BANK0   BANK1
      Params:         2       0       0
      Locals:         0       0       0
      Temps:          1       0       0
      Totals:         3       0       0
Total ram usage:        3 bytes
 Hardware stack levels used:    1
 Hardware stack levels required when called:    1
 This function calls:
		Nothing
 This function is called by:
		_LCD_Init_ST7032i
 This function uses a non-reentrant model


 *************** function _LCD_Clear *****************
 Defined at:
		line 79 in file "skI2CLCDlib.c"
 Parameters:    Size  Location     Type
		None
 Auto vars:     Size  Location     Type
		None
 Return value:  Size  Location     Type
                  1    wreg      void 
 Registers used:
		wreg, status,2, status,0, prodl, prodh, cstack
 Tracked objects:
		On entry : 
		On exit  : 
		Unchanged: 
 Data sizes:     COMRAM   BANK0   BANK1
      Params:         0       0       0
      Locals:         0       0       0
      Temps:          1       0       0
      Totals:         1       0       0
Total ram usage:        1 bytes
 Hardware stack levels used:    1
 Hardware stack levels required when called:    4
 This function calls:
		_LCD_Command
 This function is called by:
		_main
		_Color_Read
		_Color
 This function uses a non-reentrant model


 *************** function _LCD_Command *****************
 Defined at:
		line 60 in file "skI2CLCDlib.c"
 Parameters:    Size  Location     Type
  c               1    wreg     unsigned char 
 Auto vars:     Size  Location     Type
  c               1    9[COMRAM] unsigned char 
  ans             2    7[COMRAM] int 
 Return value:  Size  Location     Type
                  1    wreg      void 
 Registers used:
		wreg, status,2, status,0, prodl, prodh, cstack
 Tracked objects:
		On entry : 
		On exit  : 
		Unchanged: 
 Data sizes:     COMRAM   BANK0   BANK1
      Params:         0       0       0
      Locals:         3       0       0
      Temps:          0       0       0
      Totals:         3       0       0
Total ram usage:        3 bytes
 Hardware stack levels used:    1
 Hardware stack levels required when called:    3
 This function calls:
		_I2C_Send
		_I2C_Start
		_I2C_Stop
		_Wait27us
 This function is called by:
		_LCD_Clear
		_LCD_SetCursor
		_LCD_Init_ST7032i
		_LCD_IconClear
		_LCD_IconOnOff
		_LCD_PageSet
		_LCD_Contrast
 This function uses a non-reentrant model


 *************** function _Wait27us *****************
 Defined at:
		line 55 in file "skI2CLCDlib.c"
 Parameters:    Size  Location     Type
		None
 Auto vars:     Size  Location     Type
		None
 Return value:  Size  Location     Type
                  1    wreg      void 
 Registers used:
		wreg
 Tracked objects:
		On entry : 
		On exit  : 
		Unchanged: 
 Data sizes:     COMRAM   BANK0   BANK1
      Params:         0       0       0
      Locals:         0       0       0
      Temps:          0       0       0
      Totals:         0       0       0
Total ram usage:        0 bytes
 Hardware stack levels used:    1
 Hardware stack levels required when called:    1
 This function calls:
		Nothing
 This function is called by:
		_LCD_Command
		_LCD_Putc
		_LCD_CreateChar
		_LCD_IconClear
		_LCD_IconOnOff
 This function uses a non-reentrant model


 *************** function _I2C_Stop *****************
 Defined at:
		line 154 in file "skI2Clib.c"
 Parameters:    Size  Location     Type
		None
 Auto vars:     Size  Location     Type
		None
 Return value:  Size  Location     Type
                  2  285[None  ] int 
 Registers used:
		wreg, status,2, status,0, cstack
 Tracked objects:
		On entry : 
		On exit  : 
		Unchanged: 
 Data sizes:     COMRAM   BANK0   BANK1
      Params:         0       0       0
      Locals:         0       0       0
      Temps:          0       0       0
      Totals:         0       0       0
Total ram usage:        0 bytes
 Hardware stack levels used:    1
 Hardware stack levels required when called:    2
 This function calls:
		_I2C_IdleCheck
 This function is called by:
		_LCD_Command
		_LCD_Puts
		_register_read
		_register_write
		_acceler_Read
		_LCD_Putc
		_LCD_CreateChar
		_LCD_IconClear
		_LCD_IconOnOff
		_Color_Read
		_Color
 This function uses a non-reentrant model


 *************** function _I2C_Start *****************
 Defined at:
		line 106 in file "skI2Clib.c"
 Parameters:    Size  Location     Type
  adrs            2    2[COMRAM] int 
  rw              2    4[COMRAM] int 
 Auto vars:     Size  Location     Type
		None
 Return value:  Size  Location     Type
                  2    2[COMRAM] int 
 Registers used:
		wreg, status,2, status,0, prodl, prodh, cstack
 Tracked objects:
		On entry : 
		On exit  : 
		Unchanged: 
 Data sizes:     COMRAM   BANK0   BANK1
      Params:         4       0       0
      Locals:         0       0       0
      Temps:          1       0       0
      Totals:         5       0       0
Total ram usage:        5 bytes
 Hardware stack levels used:    1
 Hardware stack levels required when called:    2
 This function calls:
		_I2C_IdleCheck
 This function is called by:
		_LCD_Command
		_LCD_Puts
		_register_read
		_register_write
		_acceler_Read
		_LCD_Putc
		_LCD_CreateChar
		_LCD_IconClear
		_LCD_IconOnOff
		_Color_Read
		_Color
 This function uses a non-reentrant model


 *************** function _I2C_Send *****************
 Defined at:
		line 172 in file "skI2Clib.c"
 Parameters:    Size  Location     Type
  dt              1    wreg     unsigned char 
 Auto vars:     Size  Location     Type
  dt              1    3[COMRAM] unsigned char 
 Return value:  Size  Location     Type
                  2  283[None  ] int 
 Registers used:
		wreg, status,2, status,0, cstack
 Tracked objects:
		On entry : 
		On exit  : 
		Unchanged: 
 Data sizes:     COMRAM   BANK0   BANK1
      Params:         0       0       0
      Locals:         1       0       0
      Temps:          1       0       0
      Totals:         2       0       0
Total ram usage:        2 bytes
 Hardware stack levels used:    1
 Hardware stack levels required when called:    2
 This function calls:
		_I2C_IdleCheck
 This function is called by:
		_LCD_Command
		_LCD_Puts
		_register_read
		_register_write
		_acceler_Read
		_LCD_Putc
		_LCD_CreateChar
		_LCD_IconClear
		_LCD_IconOnOff
		_Color_Read
		_Color
 This function uses a non-reentrant model


 *************** function _I2C_IdleCheck *****************
 Defined at:
		line 43 in file "skI2Clib.c"
 Parameters:    Size  Location     Type
  mask            1    wreg     unsigned char 
 Auto vars:     Size  Location     Type
  mask            1    1[COMRAM] unsigned char 
 Return value:  Size  Location     Type
                  1    wreg      void 
 Registers used:
		wreg, status,2, status,0
 Tracked objects:
		On entry : 
		On exit  : 
		Unchanged: 
 Data sizes:     COMRAM   BANK0   BANK1
      Params:         0       0       0
      Locals:         1       0       0
      Temps:          1       0       0
      Totals:         2       0       0
Total ram usage:        2 bytes
 Hardware stack levels used:    1
 Hardware stack levels required when called:    1
 This function calls:
		Nothing
 This function is called by:
		_I2C_Start
		_I2C_rStart
		_I2C_Stop
		_I2C_Send
		_I2C_Receive
 This function uses a non-reentrant model


 *************** function _InitI2C_Master *****************
 Defined at:
		line 78 in file "skI2Clib.c"
 Parameters:    Size  Location     Type
  speed           2    0[COMRAM] int 
 Auto vars:     Size  Location     Type
		None
 Return value:  Size  Location     Type
                  1    wreg      void 
 Registers used:
		wreg, status,2, status,0
 Tracked objects:
		On entry : 
		On exit  : 
		Unchanged: 
 Data sizes:     COMRAM   BANK0   BANK1
      Params:         2       0       0
      Locals:         0       0       0
      Temps:          0       0       0
      Totals:         2       0       0
Total ram usage:        2 bytes
 Hardware stack levels used:    1
 Hardware stack levels required when called:    1
 This function calls:
		Nothing
 This function is called by:
		_main
 This function uses a non-reentrant model


 *************** function _INTERRUPT_InterruptManager *****************
 Defined at:
		line 61 in file "mcc_generated_files/interrupt_manager.c"
 Parameters:    Size  Location     Type
		None
 Auto vars:     Size  Location     Type
		None
 Return value:  Size  Location     Type
                  1    wreg      void 
 Registers used:
		wreg, status,2, status,0
 Tracked objects:
		On entry : 
		On exit  : 
		Unchanged: 
 Data sizes:     COMRAM   BANK0   BANK1
      Params:         0       0       0
      Locals:         0       0       0
      Temps:          0       0       0
      Totals:         0       0       0
Total ram usage:        0 bytes
 Hardware stack levels used:    1
 This function calls:
		Nothing
 This function is called by:
		Interrupt level 2
 This function uses a non-reentrant model



MODULE INFORMATION

Module		Function		Class		Link	Load	Size
C:\Program Files (x86)\Microchip\xc8\v2.05\pic\sources\c99\common\putch.c
		_putch         		CODE           	1B94	0000	3

C:\Program Files (x86)\Microchip\xc8\v2.05\pic\sources\c99\common\putch.c estimated size: 3

mcc_generated_files/interrupt_manager.c
		_INTERRUPT_Initialize		CODE           	1B90	0000	5
		_INTERRUPT_InterruptManager		CODE           	0008	0000	49

mcc_generated_files/interrupt_manager.c estimated size: 54

C:\Program Files (x86)\Microchip\xc8\v2.05\pic\sources\c99\common\nf_fputc.c
		_fputc         		CODE           	1262	0000	161

C:\Program Files (x86)\Microchip\xc8\v2.05\pic\sources\c99\common\nf_fputc.c estimated size: 161

C:\Program Files (x86)\Microchip\xc8\v2.05\pic\sources\c99\common\islower.c
		_islower       		CODE           	19A2	0000	49

C:\Program Files (x86)\Microchip\xc8\v2.05\pic\sources\c99\common\islower.c estimated size: 49

mcc_generated_files/pin_manager.c
		_PIN_MANAGER_Initialize		CODE           	1A8A	0000	43

mcc_generated_files/pin_manager.c estimated size: 43

C:\Program Files (x86)\Microchip\xc8\v2.05\pic\sources\c99\common\aodiv.c
		___aodiv       		CODE           	0D0A	0000	329

C:\Program Files (x86)\Microchip\xc8\v2.05\pic\sources\c99\common\aodiv.c estimated size: 329

C:\Program Files (x86)\Microchip\xc8\v2.05\pic\sources\c99\common\isupper.c
		_isupper       		CODE           	19D2	0000	49

C:\Program Files (x86)\Microchip\xc8\v2.05\pic\sources\c99\common\isupper.c estimated size: 49

C:\Program Files (x86)\Microchip\xc8\v2.05\pic\sources\c99\common\toupper.c
		_toupper       		CODE           	17D4	0000	75

C:\Program Files (x86)\Microchip\xc8\v2.05\pic\sources\c99\common\toupper.c estimated size: 75

C:\Program Files (x86)\Microchip\xc8\v2.05\pic\sources\c99\common\strlen.c
		_strlen        		CODE           	1A60	0000	43

C:\Program Files (x86)\Microchip\xc8\v2.05\pic\sources\c99\common\strlen.c estimated size: 43

skI2CLCDlib.c
		_LCD_Command   		CODE           	185C	0000	61
		_LCD_Puts      		CODE           	162A	0000	97
		_LCD_SetCursor 		CODE           	1A32	0000	47
		_Wait10ms      		CODE           	1B04	0000	31
		_LCD_Clear     		CODE           	193C	0000	53
		_Wait27us      		CODE           	1B86	0000	11
		_LCD_Init_ST7032i		CODE           	10B6	0000	231

skI2CLCDlib.c estimated size: 531

C:\Program Files (x86)\Microchip\xc8\v2.05\pic\sources\c99\common\isspace.c
		_isspace       		CODE           	181E	0000	63

C:\Program Files (x86)\Microchip\xc8\v2.05\pic\sources\c99\common\isspace.c estimated size: 63

C:\Program Files (x86)\Microchip\xc8\v2.05\pic\sources\c99\common\awdiv.c
		___awdiv       		CODE           	1398	0000	133

C:\Program Files (x86)\Microchip\xc8\v2.05\pic\sources\c99\common\awdiv.c estimated size: 133

C:\Program Files (x86)\Microchip\xc8\v2.05\pic\sources\c99\common\doprnt.c
		_vfpfcnvrt     		CODE           	023E	0000	935
		_pad           		CODE           	1302	0000	151
		_dtoa          		CODE           	089C	0000	579
		_vfprintf      		CODE           	168A	0000	87
		_xtoa          		CODE           	0ADE	0000	557

C:\Program Files (x86)\Microchip\xc8\v2.05\pic\sources\c99\common\doprnt.c estimated size: 2309

shared
		__initialization		CODE           	1566	0000	85

shared estimated size: 85

C:\Program Files (x86)\Microchip\xc8\v2.05\pic\sources\c99\common\isalpha.c
		_isalpha       		CODE           	1908	0000	53

C:\Program Files (x86)\Microchip\xc8\v2.05\pic\sources\c99\common\isalpha.c estimated size: 53

mcc_generated_files/mcc.c
		_OSCILLATOR_Initialize		CODE           	1B6A	0000	15
		_SYSTEM_Initialize		CODE           	1B5C	0000	15

mcc_generated_files/mcc.c estimated size: 30

C:\Program Files (x86)\Microchip\xc8\v2.05\pic\sources\c99\common\nf_sprintf.c
		_sprintf       		CODE           	1734	0000	83

C:\Program Files (x86)\Microchip\xc8\v2.05\pic\sources\c99\common\nf_sprintf.c estimated size: 83

C:\Program Files (x86)\Microchip\xc8\v2.05\pic\sources\c99\common\Umul16.c
		___wmul        		CODE           	1ADE	0000	39

C:\Program Files (x86)\Microchip\xc8\v2.05\pic\sources\c99\common\Umul16.c estimated size: 39

C:\Program Files (x86)\Microchip\xc8\v2.05\pic\sources\c99\common\atoi.c
		_atoi          		CODE           	0E52	0000	321

C:\Program Files (x86)\Microchip\xc8\v2.05\pic\sources\c99\common\atoi.c estimated size: 321

C:\Program Files (x86)\Microchip\xc8\v2.05\pic\sources\c99\common\abs.c
		_abs           		CODE           	1970	0000	51

C:\Program Files (x86)\Microchip\xc8\v2.05\pic\sources\c99\common\abs.c estimated size: 51

skADXL345I2C.c
		_register_read 		CODE           	14FE	0000	105
		_register_write		CODE           	18D0	0000	57
		_acceler_Read  		CODE           	119C	0000	199
		_acceler_Init  		CODE           	15C8	0000	99

skADXL345I2C.c estimated size: 460

C:\Program Files (x86)\Microchip\xc8\v2.05\pic\sources\c99\common\nf_fputs.c
		_fputs         		CODE           	1898	0000	57

C:\Program Files (x86)\Microchip\xc8\v2.05\pic\sources\c99\common\nf_fputs.c estimated size: 57

skI2Clib.c
		_I2C_IdleCheck 		CODE           	1B22	0000	23
		_I2C_Stop      		CODE           	1B38	0000	19
		_I2C_Send      		CODE           	1786	0000	79
		_InitI2C_Master		CODE           	1AB4	0000	43
		_I2C_Start     		CODE           	141C	0000	115
		_I2C_rStart    		CODE           	148E	0000	113
		_I2C_Receive   		CODE           	16E0	0000	85

skI2Clib.c estimated size: 477

main.c
		_main          		CODE           	05E4	0000	697

main.c estimated size: 697

C:\Program Files (x86)\Microchip\xc8\v2.05\pic\sources\c99\common\isdigit.c
		_isdigit       		CODE           	1A02	0000	49

C:\Program Files (x86)\Microchip\xc8\v2.05\pic\sources\c99\common\isdigit.c estimated size: 49

C:\Program Files (x86)\Microchip\xc8\v2.05\pic\sources\c99\common\aomod.c
		___aomod       		CODE           	0F92	0000	293

C:\Program Files (x86)\Microchip\xc8\v2.05\pic\sources\c99\common\aomod.c estimated size: 293

